---
source: tests/tui_tests.rs
assertion_line: 407
expression: output
---
#1 Test issue  Alice
                    
────────────────────
Description         
                    
                    
                    
                    
                    
                    
                    
                    
                    
                    
                    
                    
                    
                    
                    
                    
┌ Comment [NORMAL] ┐
│abcdefghijklmnopqr│
│stuvwxyz          │
└──────────────────┘
