---
source: tests/tui_tests.rs
expression: output
---
#1 Test issue  Alice  2025-01-02 12:00:00                                       
                                                                                
────────────────────────────────────────────────────────────────────────────────
Description                                                                     
                                                                                
                                                                                
                                                                                
                                                                                
                                                                                
                                                                                
                                                                                
                                                                                
                                                                                
                                                                                
                                                                                
                                                                                
                                                                                
┌ Comment (Esc to cancel, Enter to submit) ────────────────────────────────────┐
│Line one                                                                      │
│Line two                                                                      │
│Line three                                                                    │
└──────────────────────────────────────────────────────────────────────────────┘
vim: edit  Esc: cancel  Enter: submit  Ctrl+W k: thread
