---
source: tests/tui_tests.rs
expression: output
---
┌Issues────────────────────────────────────────────────────────────────────────┐
│#     Name                       Author                    Updated            │
│                                                                              │
│                                                                              │
│                                                                              │
│                                                                              │
│                                                                              │
│                                                                              │
│                                                                              │
│                                                                              │
│                                                                              │
│                                                                              │
│                                                                              │
│                                                                              │
│                                                                              │
│                                                                              │
│                                                                              │
│                                                                              │
│                                                                              │
│                                                                              │
│                                                                              │
│                                                                              │
└──────────────────────────────────────────────────────────────────────────────┘
j/k: navigate  n: new  a: archive  A: show archived  Enter/l: select  q: quit
