---
source: tests/tui_tests.rs
expression: output
---
┌Issues────────────────────────────────────────────────────────────────────────┐
│   #     Name                     Author                   Updated            │
│>> 1     Fix login bug            Alice                    2025-01-02 12:00:00│
│   2     Add dark mode            Bob                      2025-01-02 12:00:00│
│   3     untitled                 Charlie                  2025-01-02 12:00:00│
│                                                                              │
│                                                                              │
│                                                                              │
│                                                                              │
│                                                                              │
│                                                                              │
│                                                                              │
│                                                                              │
│                                                                              │
│                                                                              │
│                                                                              │
│                                                                              │
│                                                                              │
│                                                                              │
│                                                                              │
│                                                                              │
│                                                                              │
└──────────────────────────────────────────────────────────────────────────────┘
j/k: navigate  n: new  a: archive  A: show archived  Enter/l: select  q: quit
