---
source: tests/tui_thread_view_tests.rs
expression: buffer
---
Buffer {
    area: Rect { x: 0, y: 0, width: 80, height: 30 },
    content: [
        "┌Bug report────────────────────────────────────────────────────────────────────┐",
        "│Bug report  by Alice                                                          │",
        "│                                                                              │",
        "│This is a bug that needs fixing.                                              │",
        "│                                                                              │",
        "│Steps to reproduce:                                                           │",
        "│                                                                              │",
        "│- Do thing                                                                    │",
        "│- See error                                                                   │",
        "│                                                                              │",
        "│Bob  2025-01-01 12:00:00                                                      │",
        "│I can reproduce this.                                                         │",
        "│                                                                              │",
        "│                                                                              │",
        "│Carol  2025-01-02 12:00:00                                                    │",
        "│Fixed in #42.                                                                 │",
        "│                                                                              │",
        "│                                                                              │",
        "│                                                                              │",
        "│                                                                              │",
        "│                                                                              │",
        "│                                                                              │",
        "│                                                                              │",
        "│                                                                              │",
        "│                                                                              │",
        "│                                                                              │",
        "│                                                                              │",
        "│                                                                              │",
        "│                                                                              │",
        "└──────────────────────────────────────────────────────────────────────────────┘",
    ],
    styles: [
        x: 0, y: 0, fg: Reset, bg: Reset, underline: Reset, modifier: NONE,
        x: 1, y: 1, fg: Reset, bg: Reset, underline: Reset, modifier: BOLD,
        x: 11, y: 1, fg: Reset, bg: Reset, underline: Reset, modifier: NONE,
        x: 13, y: 1, fg: Reset, bg: Reset, underline: Reset, modifier: DIM,
        x: 21, y: 1, fg: Reset, bg: Reset, underline: Reset, modifier: NONE,
        x: 11, y: 3, fg: Reset, bg: Reset, underline: Reset, modifier: BOLD,
        x: 14, y: 3, fg: Reset, bg: Reset, underline: Reset, modifier: NONE,
        x: 1, y: 10, fg: Reset, bg: Reset, underline: Reset, modifier: BOLD,
        x: 4, y: 10, fg: Reset, bg: Reset, underline: Reset, modifier: NONE,
        x: 6, y: 10, fg: Reset, bg: Reset, underline: Reset, modifier: DIM,
        x: 25, y: 10, fg: Reset, bg: Reset, underline: Reset, modifier: NONE,
        x: 1, y: 14, fg: Reset, bg: Reset, underline: Reset, modifier: BOLD,
        x: 6, y: 14, fg: Reset, bg: Reset, underline: Reset, modifier: NONE,
        x: 8, y: 14, fg: Reset, bg: Reset, underline: Reset, modifier: DIM,
        x: 27, y: 14, fg: Reset, bg: Reset, underline: Reset, modifier: NONE,
    ]
}
