---
source: tests/tui_tests.rs
expression: output
---
┌Issues────────────────────────────────────────────────────────────────────────┐
│   #     Name                     Author                   Updated            │
│>> 1     First                    Alice                    2025-01-02 12:00:00│
│                                                                              │
│                                                                              │
│                                                                              │
│                                                                              │
│                                                                              │
│              ┌Error───────────────────────────────────────────┐              │
│              │editor exited with non-zero status; assuming    │              │
│              │cancel                                          │              │
│              │                                                │              │
│              │                                                │              │
│              │                                                │              │
│              └────────────────────────────────────────────────┘              │
│                                                                              │
│                                                                              │
│                                                                              │
│                                                                              │
│                                                                              │
│                                                                              │
│                                                                              │
└──────────────────────────────────────────────────────────────────────────────┘
j/k: navigate  n: new  a: archive  A: show archived  Enter/l: select  q: quit
