---
source: tests/tui_tests.rs
expression: output
---
#1 Test issue  Alice
                    
────────────────────
  Description       
                    
                    
                    
                    
                    
                    
                    
                    
                    
                    
                    
                    
                    
                    
                    
                    
┌ Comment [NORMAL] ┐
│abcdefghijklmnopqr│
│stuvwxyz          │
└──────────────────┘
