---
source: tests/tui_tests.rs
expression: output
---
#1 Scrolled  Alice  2025-01-02 12:00:00                                         
                                                                                
────────────────────────────────────────────────────────────────────────────────
                                                                                
                                                                                
┌ Comment ─────────────────────────────────────────────────────────────────────┐
│Ctrl+W j to comment                                                           │
└──────────────────────────────────────────────────────────────────────────────┘
j/k: scroll  Ctrl+u/Ctrl+d: page  h/q/Esc: back  Ctrl+W: switch pane
