---
source: tests/tui_tests.rs
expression: output
---
┌Issues────────────────────────────────────────────────────────────────────────┐
│   #     Name                     Author                   Updated            │
│>> 1     First                    Alice                    2025-01-02 12:00:00│
│   2     Second                   Bob                      2025-01-02 12:00:00│
│                                                                              │
│                                                                              │
│                                                                              │
│                                                                              │
│                                                                              │
│                   ┌New issue name (blank = untitled)─────┐                   │
│                   │My Bug Report                         │                   │
│                   │                                      │                   │
│                   │                                      │                   │
│                   └──────────────────────────────────────┘                   │
│                                                                              │
│                                                                              │
│                                                                              │
│                                                                              │
│                                                                              │
│                                                                              │
│                                                                              │
│                                                                              │
└──────────────────────────────────────────────────────────────────────────────┘
j/k: navigate  n: new  a: archive  A: show archived  Enter/l: select  q: quit
